// Jest Snapshot v1, https://goo.gl/fbAQLP

exports[`Letters component Letters component should correspond to its snapshot counterpart 1`] = `
<section
  className="letters"
>
  <section
    className="header"
  >
    <div>
      Inbox 
      <span>
        2
      </span>
    </div>
    <form
      className="search"
      onSubmit={[Function]}
    >
      <input
        onKeyUp={[Function]}
        placeholder="search"
        type="text"
      />
      <input
        type="submit"
        value=""
      />
    </form>
  </section>
  <section
    className="letter"
  >
    <span
      className="star"
      style={
        Object {
          "backgroundPosition": "top center",
        }
      }
    />
    <div
      className="name"
    >
       
      name
    </div>
    <div
      className="theme"
    >
       
      theme
    </div>
    <time>
      17.12.17 23:23
    </time>
  </section>
  <section
    className="letter"
  >
    <span
      className="star"
      style={null}
    />
    <div
      className="name"
    >
       
      name2
    </div>
    <div
      className="theme"
    >
       
      theme2
    </div>
    <time>
      17.12.17 23:23
    </time>
  </section>
</section>
`;
