// Jest Snapshot v1, https://goo.gl/fbAQLP

exports[`Menu component Menu component should correspond to its snapshot counterpart 1`] = `
<section
  className="menu"
>
  <div
    className="button"
  >
    Compose Mail
  </div>
</section>
`;
